<html>
<body>
<pre>
<h1>µVision Build Log</h1>
<h2>Tool Versions:</h2>
IDE-Version: µVision V5.38.0.0
Copyright (C) 2022 ARM Ltd and ARM Germany GmbH. All rights reserved.
License Information: Alexander Ward, UCSB, LIC=----
 
Tool Versions:
Toolchain:       MDK-Lite  Version: 5.38.0.0
Toolchain Path:  C:\Keil_v5\ARM\ARMCLANG\Bin
C Compiler:      ArmClang.exe V6.19
Assembler:       Armasm.exe V6.19
Linker/Locator:  ArmLink.exe V6.19
Library Manager: ArmAr.exe V6.19
Hex Converter:   FromElf.exe V6.19
CPU DLL:         SARMCM3.DLL V5.38.0.0
Dialog DLL:      DCM.DLL V1.17.5.0
Target DLL:      STLink\ST-LINKIII-KEIL_SWO.dll V3.1.0.0
Dialog DLL:      TCM.DLL V1.56.4.0
 
<h2>Project:</h2>
C:\Users\zande\Documents\ece153b\Lab6\L6B\project.uvprojx
Project File Date:  03/05/2023

<h2>Output:</h2>
*** Using Compiler 'V6.19', folder: 'C:\Keil_v5\ARM\ARMCLANG\Bin'
Build target 'Target 1'
src/main.c(9): warning: In file included from...
src/stm32l476xx.h(12): warning: invalid UTF-8 in comment [-Winvalid-utf8]
  *           - Macros to access peripheral<92>s registers hardware
                                           ^
src/main.c(11): warning: a function declaration without a prototype is deprecated in all versions of C [-Wstrict-prototypes]
void SERVO_Pin_Init(){
                   ^
                    void
src/main.c(11): warning: no previous prototype for function 'SERVO_Pin_Init' [-Wmissing-prototypes]
void SERVO_Pin_Init(){
     ^
src/main.c(11): note: declare 'static' if the function is not intended to be used outside of this translation unit
void SERVO_Pin_Init(){
^
static 
src/main.c(21): warning: a function declaration without a prototype is deprecated in all versions of C [-Wstrict-prototypes]
void TIM5_CH1_Init(){
                  ^
                   void
src/main.c(21): warning: no previous prototype for function 'TIM5_CH1_Init' [-Wmissing-prototypes]
void TIM5_CH1_Init(){
     ^
src/main.c(21): note: declare 'static' if the function is not intended to be used outside of this translation unit
void TIM5_CH1_Init(){
^
static 
src/main.c(37): warning: a function declaration without a prototype is deprecated in all versions of C [-Wstrict-prototypes]
void Servo_Move_Left_90_Degree(){
                              ^
                               void
src/main.c(37): warning: no previous prototype for function 'Servo_Move_Left_90_Degree' [-Wmissing-prototypes]
void Servo_Move_Left_90_Degree(){
     ^
src/main.c(37): note: declare 'static' if the function is not intended to be used outside of this translation unit
void Servo_Move_Left_90_Degree(){
^
static 
src/main.c(45): warning: a function declaration without a prototype is deprecated in all versions of C [-Wstrict-prototypes]
void Servo_Move_Center(){
                      ^
                       void
src/main.c(45): warning: no previous prototype for function 'Servo_Move_Center' [-Wmissing-prototypes]
void Servo_Move_Center(){
     ^
src/main.c(45): note: declare 'static' if the function is not intended to be used outside of this translation unit
void Servo_Move_Center(){
^
static 
src/main.c(51): warning: a function declaration without a prototype is deprecated in all versions of C [-Wstrict-prototypes]
void Servo_Move_Right_90_Degree(){
                               ^
                                void
src/main.c(51): warning: no previous prototype for function 'Servo_Move_Right_90_Degree' [-Wmissing-prototypes]
void Servo_Move_Right_90_Degree(){
     ^
src/main.c(51): note: declare 'static' if the function is not intended to be used outside of this translation unit
void Servo_Move_Right_90_Degree(){
^
static 
src/main.c(60): warning: a function declaration without a prototype is deprecated in all versions of C [-Wstrict-prototypes]
int main() {
        ^
         void
12 warnings generated.
compiling main.c...
linking...
Program Size: Code=848 RO-data=408 RW-data=0 ZI-data=1632  
FromELF: creating hex file...
".\Objects\project.axf" - 0 Error(s), 12 Warning(s).

<h2>Software Packages used:</h2>

Package Vendor: ARM
                http://www.keil.com/pack/ARM.CMSIS.5.9.0.pack
                ARM.CMSIS.5.9.0
                CMSIS (Common Microcontroller Software Interface Standard)
   * Component: CORE Version: 5.6.0

Package Vendor: Keil
                http://www.keil.com/pack/Keil.STM32L4xx_DFP.2.6.1.pack
                Keil.STM32L4xx_DFP.2.6.1
                STMicroelectronics STM32L4 Series Device Support, Drivers and Examples

<h2>Collection of Component include folders:</h2>
  ./RTE/_Target_1
  C:/Users/zande/AppData/Local/Arm/Packs/ARM/CMSIS/5.9.0/CMSIS/Core/Include
  C:/Users/zande/AppData/Local/Arm/Packs/Keil/STM32L4xx_DFP/2.6.1/Drivers/CMSIS/Device/ST/STM32L4xx/Include

<h2>Collection of Component Files used:</h2>

   * Component: ARM::CMSIS:CORE:5.6.0
Build Time Elapsed:  00:00:00
</pre>
</body>
</html>
