<html>
<body>
<pre>
<h1>µVision Build Log</h1>
<h2>Tool Versions:</h2>
IDE-Version: µVision V5.38.0.0
Copyright (C) 2022 ARM Ltd and ARM Germany GmbH. All rights reserved.
License Information: Diego Jerez, UC Santa Barbara, LIC=----
 
Tool Versions:
Toolchain:       MDK-Lite  Version: 5.38.0.0
Toolchain Path:  C:\Keil_v5\ARM\ARMCLANG\Bin
C Compiler:      ArmClang.exe V6.19
Assembler:       Armasm.exe V6.19
Linker/Locator:  ArmLink.exe V6.19
Library Manager: ArmAr.exe V6.19
Hex Converter:   FromElf.exe V6.19
CPU DLL:         SARMCM3.DLL V5.38.0.0
Dialog DLL:      DCM.DLL V1.17.5.0
Target DLL:      STLink\ST-LINKIII-KEIL_SWO.dll V3.1.0.0
Dialog DLL:      TCM.DLL V1.56.4.0
 
<h2>Project:</h2>
C:\Users\djere\Classes\_CS Projects for School\ece153a\Lab4\L4A\project.uvprojx
Project File Date:  02/09/2023

<h2>Output:</h2>
*** Using Compiler 'V6.19', folder: 'C:\Keil_v5\ARM\ARMCLANG\Bin'
Build target 'Target 1'
src/UART_printf.c(1): warning: In file included from...
src/UART.h(4): warning: In file included from...
src/stm32l476xx.h(12): warning: invalid UTF-8 in comment [-Winvalid-utf8]
  *           - Macros to access peripheral<92>s registers hardware
                                           ^
src/UART_printf.c(14): warning: unused parameter 'f' [-Wunused-parameter]
int fputc(int ch, FILE *f) { 
                        ^
src/UART_printf.c(23): warning: unused parameter 'f' [-Wunused-parameter]
int fgetc(FILE *f) {  
                ^
3 warnings generated.
compiling UART_printf.c...
src/main.c(10): warning: In file included from...
src/stm32l476xx.h(12): warning: invalid UTF-8 in comment [-Winvalid-utf8]
  *           - Macros to access peripheral<92>s registers hardware
                                           ^
src/main.c(20): warning: no previous prototype for function 'Init_USARTx' [-Wmissing-prototypes]
void Init_USARTx(int x) {
     ^
src/main.c(20): note: declare 'static' if the function is not intended to be used outside of this translation unit
void Init_USARTx(int x) {
^
static 
src/main.c(44): warning: format specifies type 'char *' but the argument has type 'int' [-Wformat]
                scanf("%s", rxByte);
                       ~~   ^~~~~~
src/main.c(45): warning: format specifies type 'char *' but the argument has type 'char' [-Wformat]
                printf("%s", rxByte);
                        ~~   ^~~~~~
                        %c
src/main.c(41): warning: mixing declarations and code is incompatible with standards before C99 [-Wdeclaration-after-statement]
        char rxByte;
             ^
src/main.c(44): warning: variable 'rxByte' is uninitialized when used here [-Wuninitialized]
                scanf("%s", rxByte);
                            ^~~~~~
src/main.c(41): note: initialize the variable 'rxByte' to silence this warning
        char rxByte;
                   ^
                    = '\0'
6 warnings generated.
compiling main.c...
linking...
Program Size: Code=16144 RO-data=1064 RW-data=0 ZI-data=1800  
FromELF: creating hex file...
".\Objects\project.axf" - 0 Error(s), 9 Warning(s).

<h2>Software Packages used:</h2>

Package Vendor: ARM
                http://www.keil.com/pack/ARM.CMSIS.5.9.0.pack
                ARM.CMSIS.5.9.0
                CMSIS (Common Microcontroller Software Interface Standard)
   * Component: CORE Version: 5.6.0

Package Vendor: Keil
                http://www.keil.com/pack/Keil.STM32L4xx_DFP.2.6.1.pack
                Keil.STM32L4xx_DFP.2.6.1
                STMicroelectronics STM32L4 Series Device Support, Drivers and Examples

<h2>Collection of Component include folders:</h2>
  ./RTE/_Target_1
  C:/Users/djere/AppData/Local/Arm/Packs/ARM/CMSIS/5.9.0/CMSIS/Core/Include
  C:/Users/djere/AppData/Local/Arm/Packs/Keil/STM32L4xx_DFP/2.6.1/Drivers/CMSIS/Device/ST/STM32L4xx/Include

<h2>Collection of Component Files used:</h2>

   * Component: ARM::CMSIS:CORE:5.6.0
Build Time Elapsed:  00:00:00
</pre>
</body>
</html>
